// Jest Snapshot v1, https://goo.gl/fbAQLP

exports[`renders Layout correctly 1`] = `
<div>
  <Connect(Header) />
  <Connect(NavBar) />
  <Connect(SideMenu) />
  <Switch />
</div>
`;
