// Jest Snapshot v1, https://goo.gl/fbAQLP

exports[`renders Routes correctly 1`] = `
<Layout>
  <Switch>
    <Route
      component={[Function]}
      exact={true}
      path="/"
    />
    <Route
      component={[Function]}
      path="/add-question"
    />
  </Switch>
</Layout>
`;
